Starting Chatbot API Verification Tests...

Connected to MongoDB

==== GUEST TESTS ====

--- Test 1 ---
Role: guest | Message: "placements"
Expecting: access denied message
node : Chatbot Controller 
Error: ApiError: {"error":{"co
de":404,"message":"models/gemi
ni-1.5-flash is not found for 
API version v1beta, or is not 
supported for 
generateContent. Call 
ListModels to see the list of 
available models and their 
supported methods.","status":"
NOT_FOUND"}}
At line:1 char:1
+ node test_chatbot.js > 
test_output.txt 2>&1
+ ~~~~~~~~~~~~~~~~~~~~~~~~~~~~
~~~~~~~~~~~~~~~
    + CategoryInfo          : 
    NotSpecified: (Chatbot C  
  ontrol...":"NOT_FOUND"}}:   
 String) [], RemoteExcepti    
on
    + FullyQualifiedErrorId : 
    NativeCommandError
 
    at throwErrorIfNotOK (file
:///E:/PROJECTS/yash/CLGNEWS/b
ackend/node_modules/@google/ge
nai/dist/node/index.mjs:13063:
30)
    at process.processTicksAnd
Rejections (node:internal/proc
ess/task_queues:103:5)
    at async file:///E:/PROJEC
TS/yash/CLGNEWS/backend/node_m
odules/@google/genai/dist/node
/index.mjs:12766:13
    at async 
Models.generateContent (file:/
//E:/PROJECTS/yash/CLGNEWS/bac
kend/node_modules/@google/gena
i/dist/node/index.mjs:14167:24
)
    at async 
generateLLMResponse (file:///E
:/PROJECTS/yash/CLGNEWS/backen
d/services/chatbotService.js:3
7:24)
    at async 
extractIntentAndQuery (file://
/E:/PROJECTS/yash/CLGNEWS/back
end/services/chatbotService.js
:103:24)
    at async 
handleChatbotRequest (file:///
E:/PROJECTS/yash/CLGNEWS/backe
nd/controllers/chatbotControll
er.js:14:39)
    at async runTestCase (file
:///E:/PROJECTS/yash/CLGNEWS/b
ackend/test_chatbot.js:38:28)
    at async runTests (file://
/E:/PROJECTS/yash/CLGNEWS/back
end/test_chatbot.js:50:5) {
  status: 404
}
>> Test Error: res.json is 
not a function

--- Test 2 ---
Role: guest | Message: "exam schedule"
Expecting: access denied message
Chatbot Controller Error: 
ApiError: {"error":{"code":404
,"message":"models/gemini-1.5-
flash is not found for API 
version v1beta, or is not 
supported for 
generateContent. Call 
ListModels to see the list of 
available models and their 
supported methods.","status":"
NOT_FOUND"}}
    at throwErrorIfNotOK (file
:///E:/PROJECTS/yash/CLGNEWS/b
ackend/node_modules/@google/ge
nai/dist/node/index.mjs:13063:
30)
    at process.processTicksAnd
Rejections (node:internal/proc
ess/task_queues:103:5)
    at async file:///E:/PROJEC
TS/yash/CLGNEWS/backend/node_m
odules/@google/genai/dist/node
/index.mjs:12766:13
    at async 
Models.generateContent (file:/
//E:/PROJECTS/yash/CLGNEWS/bac
kend/node_modules/@google/gena
i/dist/node/index.mjs:14167:24
)
    at async 
generateLLMResponse (file:///E
:/PROJECTS/yash/CLGNEWS/backen
d/services/chatbotService.js:3
7:24)
    at async 
extractIntentAndQuery (file://
/E:/PROJECTS/yash/CLGNEWS/back
end/services/chatbotService.js
:103:24)
    at async 
handleChatbotRequest (file:///
E:/PROJECTS/yash/CLGNEWS/backe
nd/controllers/chatbotControll
er.js:14:39)
    at async runTestCase (file
:///E:/PROJECTS/yash/CLGNEWS/b
ackend/test_chatbot.js:38:28)
    at async runTests (file://
/E:/PROJECTS/yash/CLGNEWS/back
end/test_chatbot.js:51:5) {
  status: 404
}
>> Test Error: res.json is 
not a function

--- Test 3 ---
Role: guest | Message: "sports"
Expecting: sports data
Chatbot Controller Error: 
ApiError: {"error":{"code":404
,"message":"models/gemini-1.5-
flash is not found for API 
version v1beta, or is not 
supported for 
generateContent. Call 
ListModels to see the list of 
available models and their 
supported methods.","status":"
NOT_FOUND"}}
    at throwErrorIfNotOK (file
:///E:/PROJECTS/yash/CLGNEWS/b
ackend/node_modules/@google/ge
nai/dist/node/index.mjs:13063:
30)
    at process.processTicksAnd
Rejections (node:internal/proc
ess/task_queues:103:5)
    at async file:///E:/PROJEC
TS/yash/CLGNEWS/backend/node_m
odules/@google/genai/dist/node
/index.mjs:12766:13
    at async 
Models.generateContent (file:/
//E:/PROJECTS/yash/CLGNEWS/bac
kend/node_modules/@google/gena
i/dist/node/index.mjs:14167:24
)
    at async 
generateLLMResponse (file:///E
:/PROJECTS/yash/CLGNEWS/backen
d/services/chatbotService.js:3
7:24)
    at async 
extractIntentAndQuery (file://
/E:/PROJECTS/yash/CLGNEWS/back
end/services/chatbotService.js
:103:24)
    at async 
handleChatbotRequest (file:///
E:/PROJECTS/yash/CLGNEWS/backe
nd/controllers/chatbotControll
er.js:14:39)
    at async runTestCase (file
:///E:/PROJECTS/yash/CLGNEWS/b
ackend/test_chatbot.js:38:28)
    at async runTests (file://
/E:/PROJECTS/yash/CLGNEWS/back
end/test_chatbot.js:52:5) {
  status: 404
}
>> Test Error: res.json is 
not a function

--- Test 4 ---
Role: guest | Message: "clubs"
Expecting: clubs data
Chatbot Controller Error: 
ApiError: {"error":{"code":404
,"message":"models/gemini-1.5-
flash is not found for API 
version v1beta, or is not 
supported for 
generateContent. Call 
ListModels to see the list of 
available models and their 
supported methods.","status":"
NOT_FOUND"}}
    at throwErrorIfNotOK (file
:///E:/PROJECTS/yash/CLGNEWS/b
ackend/node_modules/@google/ge
nai/dist/node/index.mjs:13063:
30)
    at process.processTicksAnd
Rejections (node:internal/proc
ess/task_queues:103:5)
    at async file:///E:/PROJEC
TS/yash/CLGNEWS/backend/node_m
odules/@google/genai/dist/node
/index.mjs:12766:13
    at async 
Models.generateContent (file:/
//E:/PROJECTS/yash/CLGNEWS/bac
kend/node_modules/@google/gena
i/dist/node/index.mjs:14167:24
)
    at async 
generateLLMResponse (file:///E
:/PROJECTS/yash/CLGNEWS/backen
d/services/chatbotService.js:3
7:24)
    at async 
extractIntentAndQuery (file://
/E:/PROJECTS/yash/CLGNEWS/back
end/services/chatbotService.js
:103:24)
    at async 
handleChatbotRequest (file:///
E:/PROJECTS/yash/CLGNEWS/backe
nd/controllers/chatbotControll
er.js:14:39)
    at async runTestCase (file
:///E:/PROJECTS/yash/CLGNEWS/b
ackend/test_chatbot.js:38:28)
    at async runTests (file://
/E:/PROJECTS/yash/CLGNEWS/back
end/test_chatbot.js:53:5) {
  status: 404
}
>> Test Error: res.json is 
not a function

--- Test 5 ---
Role: guest | Message: "events today"
Expecting: events collection data
Chatbot Controller Error: 
ApiError: {"error":{"code":404
,"message":"models/gemini-1.5-
flash is not found for API 
version v1beta, or is not 
supported for 
generateContent. Call 
ListModels to see the list of 
available models and their 
supported methods.","status":"
NOT_FOUND"}}
    at throwErrorIfNotOK (file
:///E:/PROJECTS/yash/CLGNEWS/b
ackend/node_modules/@google/ge
nai/dist/node/index.mjs:13063:
30)
    at process.processTicksAnd
Rejections (node:internal/proc
ess/task_queues:103:5)
    at async file:///E:/PROJEC
TS/yash/CLGNEWS/backend/node_m
odules/@google/genai/dist/node
/index.mjs:12766:13
    at async 
Models.generateContent (file:/
//E:/PROJECTS/yash/CLGNEWS/bac
kend/node_modules/@google/gena
i/dist/node/index.mjs:14167:24
)
    at async 
generateLLMResponse (file:///E
:/PROJECTS/yash/CLGNEWS/backen
d/services/chatbotService.js:3
7:24)
    at async 
extractIntentAndQuery (file://
/E:/PROJECTS/yash/CLGNEWS/back
end/services/chatbotService.js
:103:24)
    at async 
handleChatbotRequest (file:///
E:/PROJECTS/yash/CLGNEWS/backe
nd/controllers/chatbotControll
er.js:14:39)
    at async runTestCase (file
:///E:/PROJECTS/yash/CLGNEWS/b
ackend/test_chatbot.js:38:28)
    at async runTests (file://
/E:/PROJECTS/yash/CLGNEWS/back
end/test_chatbot.js:54:5) {
  status: 404
}
>> Test Error: res.json is 
not a function

==== STUDENT TESTS ====

--- Test 6 ---
Role: clg_student | Message: "placements"
Expecting: return placements data
Chatbot Controller Error: 
ApiError: {"error":{"code":404
,"message":"models/gemini-1.5-
flash is not found for API 
version v1beta, or is not 
supported for 
generateContent. Call 
ListModels to see the list of 
available models and their 
supported methods.","status":"
NOT_FOUND"}}
    at throwErrorIfNotOK (file
:///E:/PROJECTS/yash/CLGNEWS/b
ackend/node_modules/@google/ge
nai/dist/node/index.mjs:13063:
30)
    at process.processTicksAnd
Rejections (node:internal/proc
ess/task_queues:103:5)
    at async file:///E:/PROJEC
TS/yash/CLGNEWS/backend/node_m
odules/@google/genai/dist/node
/index.mjs:12766:13
    at async 
Models.generateContent (file:/
//E:/PROJECTS/yash/CLGNEWS/bac
kend/node_modules/@google/gena
i/dist/node/index.mjs:14167:24
)
    at async 
generateLLMResponse (file:///E
:/PROJECTS/yash/CLGNEWS/backen
d/services/chatbotService.js:3
7:24)
    at async 
extractIntentAndQuery (file://
/E:/PROJECTS/yash/CLGNEWS/back
end/services/chatbotService.js
:103:24)
    at async 
handleChatbotRequest (file:///
E:/PROJECTS/yash/CLGNEWS/backe
nd/controllers/chatbotControll
er.js:14:39)
    at async runTestCase (file
:///E:/PROJECTS/yash/CLGNEWS/b
ackend/test_chatbot.js:38:28)
    at async runTests (file://
/E:/PROJECTS/yash/CLGNEWS/back
end/test_chatbot.js:57:5) {
  status: 404
}
>> Test Error: res.json is 
not a function

--- Test 7 ---
Role: clg_student | Message: "cse exam timetable"
Expecting: return examschedules
Chatbot Controller Error: 
ApiError: {"error":{"code":404
,"message":"models/gemini-1.5-
flash is not found for API 
version v1beta, or is not 
supported for 
generateContent. Call 
ListModels to see the list of 
available models and their 
supported methods.","status":"
NOT_FOUND"}}
    at throwErrorIfNotOK (file
:///E:/PROJECTS/yash/CLGNEWS/b
ackend/node_modules/@google/ge
nai/dist/node/index.mjs:13063:
30)
    at process.processTicksAnd
Rejections (node:internal/proc
ess/task_queues:103:5)
    at async file:///E:/PROJEC
TS/yash/CLGNEWS/backend/node_m
odules/@google/genai/dist/node
/index.mjs:12766:13
    at async 
Models.generateContent (file:/
//E:/PROJECTS/yash/CLGNEWS/bac
kend/node_modules/@google/gena
i/dist/node/index.mjs:14167:24
)
    at async 
generateLLMResponse (file:///E
:/PROJECTS/yash/CLGNEWS/backen
d/services/chatbotService.js:3
7:24)
    at async 
extractIntentAndQuery (file://
/E:/PROJECTS/yash/CLGNEWS/back
end/services/chatbotService.js
:103:24)
    at async 
handleChatbotRequest (file:///
E:/PROJECTS/yash/CLGNEWS/backe
nd/controllers/chatbotControll
er.js:14:39)
    at async runTestCase (file
:///E:/PROJECTS/yash/CLGNEWS/b
ackend/test_chatbot.js:38:28)
    at async runTests (file://
/E:/PROJECTS/yash/CLGNEWS/back
end/test_chatbot.js:58:5) {
  status: 404
}
>> Test Error: res.json is 
not a function

--- Test 8 ---
Role: clg_student | Message: "sports achievements"
Expecting: return sport achievements
Chatbot Controller Error: 
ApiError: {"error":{"code":404
,"message":"models/gemini-1.5-
flash is not found for API 
version v1beta, or is not 
supported for 
generateContent. Call 
ListModels to see the list of 
available models and their 
supported methods.","status":"
NOT_FOUND"}}
    at throwErrorIfNotOK (file
:///E:/PROJECTS/yash/CLGNEWS/b
ackend/node_modules/@google/ge
nai/dist/node/index.mjs:13063:
30)
    at process.processTicksAnd
Rejections (node:internal/proc
ess/task_queues:103:5)
    at async file:///E:/PROJEC
TS/yash/CLGNEWS/backend/node_m
odules/@google/genai/dist/node
/index.mjs:12766:13
    at async 
Models.generateContent (file:/
//E:/PROJECTS/yash/CLGNEWS/bac
kend/node_modules/@google/gena
i/dist/node/index.mjs:14167:24
)
    at async 
generateLLMResponse (file:///E
:/PROJECTS/yash/CLGNEWS/backen
d/services/chatbotService.js:3
7:24)
    at async 
extractIntentAndQuery (file://
/E:/PROJECTS/yash/CLGNEWS/back
end/services/chatbotService.js
:103:24)
    at async 
handleChatbotRequest (file:///
E:/PROJECTS/yash/CLGNEWS/backe
nd/controllers/chatbotControll
er.js:14:39)
    at async runTestCase (file
:///E:/PROJECTS/yash/CLGNEWS/b
ackend/test_chatbot.js:38:28)
    at async runTests (file://
/E:/PROJECTS/yash/CLGNEWS/back
end/test_chatbot.js:59:5) {
  status: 404
}
>> Test Error: res.json is 
not a function

--- Test 9 ---
Role: clg_student | Message: "latest news"
Expecting: return news events
Chatbot Controller Error: 
ApiError: {"error":{"code":404
,"message":"models/gemini-1.5-
flash is not found for API 
version v1beta, or is not 
supported for 
generateContent. Call 
ListModels to see the list of 
available models and their 
supported methods.","status":"
NOT_FOUND"}}
    at throwErrorIfNotOK (file
:///E:/PROJECTS/yash/CLGNEWS/b
ackend/node_modules/@google/ge
nai/dist/node/index.mjs:13063:
30)
    at process.processTicksAnd
Rejections (node:internal/proc
ess/task_queues:103:5)
    at async file:///E:/PROJEC
TS/yash/CLGNEWS/backend/node_m
odules/@google/genai/dist/node
/index.mjs:12766:13
    at async 
Models.generateContent (file:/
//E:/PROJECTS/yash/CLGNEWS/bac
kend/node_modules/@google/gena
i/dist/node/index.mjs:14167:24
)
    at async 
generateLLMResponse (file:///E
:/PROJECTS/yash/CLGNEWS/backen
d/services/chatbotService.js:3
7:24)
    at async 
extractIntentAndQuery (file://
/E:/PROJECTS/yash/CLGNEWS/back
end/services/chatbotService.js
:103:24)
    at async 
handleChatbotRequest (file:///
E:/PROJECTS/yash/CLGNEWS/backe
nd/controllers/chatbotControll
er.js:14:39)
    at async runTestCase (file
:///E:/PROJECTS/yash/CLGNEWS/b
ackend/test_chatbot.js:38:28)
    at async runTests (file://
/E:/PROJECTS/yash/CLGNEWS/back
end/test_chatbot.js:60:5) {
  status: 404
}
>> Test Error: res.json is 
not a function

--- Test 10 ---
Role: clg_student | Message: "contact"
Expecting: return footer info
Chatbot Controller Error: 
ApiError: {"error":{"code":404
,"message":"models/gemini-1.5-
flash is not found for API 
version v1beta, or is not 
supported for 
generateContent. Call 
ListModels to see the list of 
available models and their 
supported methods.","status":"
NOT_FOUND"}}
    at throwErrorIfNotOK (file
:///E:/PROJECTS/yash/CLGNEWS/b
ackend/node_modules/@google/ge
nai/dist/node/index.mjs:13063:
30)
    at process.processTicksAnd
Rejections (node:internal/proc
ess/task_queues:103:5)
    at async file:///E:/PROJEC
TS/yash/CLGNEWS/backend/node_m
odules/@google/genai/dist/node
/index.mjs:12766:13
    at async 
Models.generateContent (file:/
//E:/PROJECTS/yash/CLGNEWS/bac
kend/node_modules/@google/gena
i/dist/node/index.mjs:14167:24
)
    at async 
generateLLMResponse (file:///E
:/PROJECTS/yash/CLGNEWS/backen
d/services/chatbotService.js:3
7:24)
    at async 
extractIntentAndQuery (file://
/E:/PROJECTS/yash/CLGNEWS/back
end/services/chatbotService.js
:103:24)
    at async 
handleChatbotRequest (file:///
E:/PROJECTS/yash/CLGNEWS/backe
nd/controllers/chatbotControll
er.js:14:39)
    at async runTestCase (file
:///E:/PROJECTS/yash/CLGNEWS/b
ackend/test_chatbot.js:38:28)
    at async runTests (file://
/E:/PROJECTS/yash/CLGNEWS/back
end/test_chatbot.js:61:5) {
  status: 404
}
>> Test Error: res.json is 
not a function

==== SPELLING IMPERFECTIONS ====

--- Test 11 ---
Role: clg_student | Message: "placemnts"
Expecting: detect placements
Chatbot Controller Error: 
ApiError: {"error":{"code":404
,"message":"models/gemini-1.5-
flash is not found for API 
version v1beta, or is not 
supported for 
generateContent. Call 
ListModels to see the list of 
available models and their 
supported methods.","status":"
NOT_FOUND"}}
    at throwErrorIfNotOK (file
:///E:/PROJECTS/yash/CLGNEWS/b
ackend/node_modules/@google/ge
nai/dist/node/index.mjs:13063:
30)
    at process.processTicksAnd
Rejections (node:internal/proc
ess/task_queues:103:5)
    at async file:///E:/PROJEC
TS/yash/CLGNEWS/backend/node_m
odules/@google/genai/dist/node
/index.mjs:12766:13
    at async 
Models.generateContent (file:/
//E:/PROJECTS/yash/CLGNEWS/bac
kend/node_modules/@google/gena
i/dist/node/index.mjs:14167:24
)
    at async 
generateLLMResponse (file:///E
:/PROJECTS/yash/CLGNEWS/backen
d/services/chatbotService.js:3
7:24)
    at async 
extractIntentAndQuery (file://
/E:/PROJECTS/yash/CLGNEWS/back
end/services/chatbotService.js
:103:24)
    at async 
handleChatbotRequest (file:///
E:/PROJECTS/yash/CLGNEWS/backe
nd/controllers/chatbotControll
er.js:14:39)
    at async runTestCase (file
:///E:/PROJECTS/yash/CLGNEWS/b
ackend/test_chatbot.js:38:28)
    at async runTests (file://
/E:/PROJECTS/yash/CLGNEWS/back
end/test_chatbot.js:64:5) {
  status: 404
}
>> Test Error: res.json is 
not a function

--- Test 12 ---
Role: guest | Message: "sporst events"
Expecting: return sport events
Chatbot Controller Error: 
ApiError: {"error":{"code":404
,"message":"models/gemini-1.5-
flash is not found for API 
version v1beta, or is not 
supported for 
generateContent. Call 
ListModels to see the list of 
available models and their 
supported methods.","status":"
NOT_FOUND"}}
    at throwErrorIfNotOK (file
:///E:/PROJECTS/yash/CLGNEWS/b
ackend/node_modules/@google/ge
nai/dist/node/index.mjs:13063:
30)
    at process.processTicksAnd
Rejections (node:internal/proc
ess/task_queues:103:5)
    at async file:///E:/PROJEC
TS/yash/CLGNEWS/backend/node_m
odules/@google/genai/dist/node
/index.mjs:12766:13
    at async 
Models.generateContent (file:/
//E:/PROJECTS/yash/CLGNEWS/bac
kend/node_modules/@google/gena
i/dist/node/index.mjs:14167:24
)
    at async 
generateLLMResponse (file:///E
:/PROJECTS/yash/CLGNEWS/backen
d/services/chatbotService.js:3
7:24)
    at async 
extractIntentAndQuery (file://
/E:/PROJECTS/yash/CLGNEWS/back
end/services/chatbotService.js
:103:24)
    at async 
handleChatbotRequest (file:///
E:/PROJECTS/yash/CLGNEWS/backe
nd/controllers/chatbotControll
er.js:14:39)
    at async runTestCase (file
:///E:/PROJECTS/yash/CLGNEWS/b
ackend/test_chatbot.js:38:28)
    at async runTests (file://
/E:/PROJECTS/yash/CLGNEWS/back
end/test_chatbot.js:65:5) {
  status: 404
}
>> Test Error: res.json is 
not a function

--- Test 13 ---
Role: guest | Message: "clbs list"
Expecting: return clubs
Chatbot Controller Error: 
ApiError: {"error":{"code":404
,"message":"models/gemini-1.5-
flash is not found for API 
version v1beta, or is not 
supported for 
generateContent. Call 
ListModels to see the list of 
available models and their 
supported methods.","status":"
NOT_FOUND"}}
    at throwErrorIfNotOK (file
:///E:/PROJECTS/yash/CLGNEWS/b
ackend/node_modules/@google/ge
nai/dist/node/index.mjs:13063:
30)
    at process.processTicksAnd
Rejections (node:internal/proc
ess/task_queues:103:5)
    at async file:///E:/PROJEC
TS/yash/CLGNEWS/backend/node_m
odules/@google/genai/dist/node
/index.mjs:12766:13
    at async 
Models.generateContent (file:/
//E:/PROJECTS/yash/CLGNEWS/bac
kend/node_modules/@google/gena
i/dist/node/index.mjs:14167:24
)
    at async 
generateLLMResponse (file:///E
:/PROJECTS/yash/CLGNEWS/backen
d/services/chatbotService.js:3
7:24)
    at async 
extractIntentAndQuery (file://
/E:/PROJECTS/yash/CLGNEWS/back
end/services/chatbotService.js
:103:24)
    at async 
handleChatbotRequest (file:///
E:/PROJECTS/yash/CLGNEWS/backe
nd/controllers/chatbotControll
er.js:14:39)
    at async runTestCase (file
:///E:/PROJECTS/yash/CLGNEWS/b
ackend/test_chatbot.js:38:28)
    at async runTests (file://
/E:/PROJECTS/yash/CLGNEWS/back
end/test_chatbot.js:66:5) {
  status: 404
}
>> Test Error: res.json is 
not a function

==== CONVERSATIONAL QUERIES ====

--- Test 14 ---
Role: guest | Message: "what sports events are upcoming?"
Expecting: sportevents filtered by upcoming
Chatbot Controller Error: 
ApiError: {"error":{"code":404
,"message":"models/gemini-1.5-
flash is not found for API 
version v1beta, or is not 
supported for 
generateContent. Call 
ListModels to see the list of 
available models and their 
supported methods.","status":"
NOT_FOUND"}}
    at throwErrorIfNotOK (file
:///E:/PROJECTS/yash/CLGNEWS/b
ackend/node_modules/@google/ge
nai/dist/node/index.mjs:13063:
30)
    at process.processTicksAnd
Rejections (node:internal/proc
ess/task_queues:103:5)
    at async file:///E:/PROJEC
TS/yash/CLGNEWS/backend/node_m
odules/@google/genai/dist/node
/index.mjs:12766:13
    at async 
Models.generateContent (file:/
//E:/PROJECTS/yash/CLGNEWS/bac
kend/node_modules/@google/gena
i/dist/node/index.mjs:14167:24
)
    at async 
generateLLMResponse (file:///E
:/PROJECTS/yash/CLGNEWS/backen
d/services/chatbotService.js:3
7:24)
    at async 
extractIntentAndQuery (file://
/E:/PROJECTS/yash/CLGNEWS/back
end/services/chatbotService.js
:103:24)
    at async 
handleChatbotRequest (file:///
E:/PROJECTS/yash/CLGNEWS/backe
nd/controllers/chatbotControll
er.js:14:39)
    at async runTestCase (file
:///E:/PROJECTS/yash/CLGNEWS/b
ackend/test_chatbot.js:38:28)
    at async runTests (file://
/E:/PROJECTS/yash/CLGNEWS/back
end/test_chatbot.js:69:5) {
  status: 404
}
>> Test Error: res.json is 
not a function

--- Test 15 ---
Role: clg_student | Message: "show me internship opportunities"
Expecting: placements data
Chatbot Controller Error: 
ApiError: {"error":{"code":404
,"message":"models/gemini-1.5-
flash is not found for API 
version v1beta, or is not 
supported for 
generateContent. Call 
ListModels to see the list of 
available models and their 
supported methods.","status":"
NOT_FOUND"}}
    at throwErrorIfNotOK (file
:///E:/PROJECTS/yash/CLGNEWS/b
ackend/node_modules/@google/ge
nai/dist/node/index.mjs:13063:
30)
    at process.processTicksAnd
Rejections (node:internal/proc
ess/task_queues:103:5)
    at async file:///E:/PROJEC
TS/yash/CLGNEWS/backend/node_m
odules/@google/genai/dist/node
/index.mjs:12766:13
    at async 
Models.generateContent (file:/
//E:/PROJECTS/yash/CLGNEWS/bac
kend/node_modules/@google/gena
i/dist/node/index.mjs:14167:24
)
    at async 
generateLLMResponse (file:///E
:/PROJECTS/yash/CLGNEWS/backen
d/services/chatbotService.js:3
7:24)
    at async 
extractIntentAndQuery (file://
/E:/PROJECTS/yash/CLGNEWS/back
end/services/chatbotService.js
:103:24)
    at async 
handleChatbotRequest (file:///
E:/PROJECTS/yash/CLGNEWS/backe
nd/controllers/chatbotControll
er.js:14:39)
    at async runTestCase (file
:///E:/PROJECTS/yash/CLGNEWS/b
ackend/test_chatbot.js:38:28)
    at async runTests (file://
/E:/PROJECTS/yash/CLGNEWS/back
end/test_chatbot.js:70:5) {
  status: 404
}
>> Test Error: res.json is 
not a function

Done all tests. Disconnecting DB...
